Testing local Next.js server on port 3002...
PASS [200] /
PASS [200] /products
FAIL [404] /categories
Error details: <!DOCTYPE html><html lang="en" class="__variable_f367f3 __variable_0a80b4"><head><meta charSet="utf-8"/><meta name="viewport" content="width=device-width, initial-scale=1"/><link rel="stylesheet" href="/_next/static/css/app/layout.css?v=1774258947916" data-precedence="next_static/css/app/layout.css"/><link rel="preload" as="script" fetchPriority="low" href="/_next/static/chunks/webpack.js?v=1774258947916"/><script src="/_next/static/chunks/main-app.js?v=1774258947916" async=""></script><script s
PASS [200] /login
PASS [200] /register
PASS [200] /vendor/register
Some pages failed to render.
